// Jest Snapshot v1, https://goo.gl/fbAQLP

exports[` 1`] = `
<SubjectsList
  isPaginationButton={true}
  onChangeSearch={[MockFunction]}
  onClickItem={[MockFunction]}
  onPagination={[MockFunction]}
  onResetSearchValue={[MockFunction]}
  searchValue="test"
  setPaginationDiv={
    [MockFunction] {
      "calls": Array [
        Array [
          Object {
            "current": <div
              class="list-subject-menu"
            >
              <h2>
                People
              </h2>
              <div
                class="search-input-block"
              >
                <span
                  class="search-input ant-input-affix-wrapper ant-input-affix-wrapper-lg"
                >
                  <input
                    class="ant-input ant-input-lg"
                    maxlength="60"
                    placeholder="Search"
                    type="text"
                    value="test"
                  />
                  <span
                    class="ant-input-suffix"
                  >
                    <i
                      aria-label="icon: close-circle"
                      class="anticon anticon-close-circle search-input-icon"
                      tabindex="-1"
                    >
                      <svg
                        aria-hidden="true"
                        class=""
                        data-icon="close-circle"
                        fill="currentColor"
                        height="1em"
                        viewBox="64 64 896 896"
                        width="1em"
                      >
                        <path
                          d="M685.4 354.8c0-4.4-3.6-8-8-8l-66 .3L512 465.6l-99.3-118.4-66.1-.3c-4.4 0-8 3.5-8 8 0 1.9.7 3.7 1.9 5.2l130.1 155L340.5 670a8.32 8.32 0 0 0-1.9 5.2c0 4.4 3.6 8 8 8l66.1-.3L512 564.4l99.3 118.4 66 .3c4.4 0 8-3.5 8-8 0-1.9-.7-3.7-1.9-5.2L553.5 515l130.1-155c1.2-1.4 1.8-3.3 1.8-5.2z"
                        />
                        <path
                          d="M512 65C264.6 65 64 265.6 64 513s200.6 448 448 448 448-200.6 448-448S759.4 65 512 65zm0 820c-205.4 0-372-166.6-372-372s166.6-372 372-372 372 166.6 372 372-166.6 372-372 372z"
                        />
                      </svg>
                    </i>
                  </span>
                </span>
              </div>
              <ul
                class="list-subjects"
              >
                <li>
                  <div>
                    <a
                      href="#list_0"
                    >
                      Luke Skywalker
                    </a>
                  </div>
                </li>
                <li>
                  <div>
                    <a
                      href="#list_1"
                    >
                      C-3PO
                    </a>
                  </div>
                </li>
              </ul>
              <div
                class="pagination-block"
                style="display: block;"
              >
                <button
                  class="ant-btn ant-btn-primary ant-btn-lg ant-btn-icon-only ant-btn-block"
                  title="Show More"
                  type="button"
                >
                  <i
                    aria-label="icon: down"
                    class="anticon anticon-down"
                  >
                    <svg
                      aria-hidden="true"
                      class=""
                      data-icon="down"
                      fill="currentColor"
                      height="1em"
                      viewBox="64 64 896 896"
                      width="1em"
                    >
                      <path
                        d="M884 256h-75c-5.1 0-9.9 2.5-12.9 6.6L512 654.2 227.9 262.6c-3-4.1-7.8-6.6-12.9-6.6h-75c-6.5 0-10.3 7.4-6.5 12.7l352.6 486.1c12.8 17.6 39 17.6 51.7 0l352.6-486.1c3.9-5.3.1-12.7-6.4-12.7z"
                      />
                    </svg>
                  </i>
                </button>
              </div>
            </div>,
          },
        ],
      ],
      "results": Array [
        Object {
          "isThrow": false,
          "value": undefined,
        },
      ],
    }
  }
  subjects={
    Array [
      Object {
        "birth_year": "19BBY",
        "eye_color": "blue",
        "gender": "male",
        "hair_color": "blond",
        "height": "172",
        "mass": "77",
        "name": "Luke Skywalker",
        "skin_color": "fair",
      },
      Object {
        "birth_year": "112BBY",
        "eye_color": "yellow",
        "gender": "n/a",
        "hair_color": "n/a",
        "height": "167",
        "mass": "75",
        "name": "C-3PO",
        "skin_color": "gold",
      },
    ]
  }
  title="People"
  titleSubjectField="name"
>
  <div
    className="list-subject-menu"
    onScroll={[Function]}
  >
    <h2>
      People
    </h2>
    <div
      className="search-input-block"
    >
      <Input
        className="search-input"
        disabled={false}
        maxLength={60}
        onChange={[MockFunction]}
        placeholder="Search"
        size="large"
        suffix={
          <Icon
            className="search-input-icon"
            onClick={[MockFunction]}
            type="close-circle"
          />
        }
        type="text"
        value="test"
      >
        <span
          className="search-input ant-input-affix-wrapper ant-input-affix-wrapper-lg"
        >
          <input
            className="ant-input ant-input-lg"
            disabled={false}
            maxLength={60}
            onChange={[Function]}
            onKeyDown={[Function]}
            placeholder="Search"
            size="large"
            style={null}
            type="text"
            value="test"
          />
          <span
            className="ant-input-suffix"
          >
            <Icon
              className="search-input-icon"
              onClick={[MockFunction]}
              type="close-circle"
            >
              <LocaleReceiver
                componentName="Icon"
              >
                <i
                  aria-label="icon: close-circle"
                  className="anticon anticon-close-circle search-input-icon"
                  onClick={[MockFunction]}
                  tabIndex={-1}
                >
                  <IconReact
                    className=""
                    type="close-circle-o"
                  >
                    <svg
                      aria-hidden="true"
                      className=""
                      data-icon="close-circle"
                      fill="currentColor"
                      height="1em"
                      key="svg-close-circle"
                      viewBox="64 64 896 896"
                      width="1em"
                    >
                      <path
                        d="M685.4 354.8c0-4.4-3.6-8-8-8l-66 .3L512 465.6l-99.3-118.4-66.1-.3c-4.4 0-8 3.5-8 8 0 1.9.7 3.7 1.9 5.2l130.1 155L340.5 670a8.32 8.32 0 0 0-1.9 5.2c0 4.4 3.6 8 8 8l66.1-.3L512 564.4l99.3 118.4 66 .3c4.4 0 8-3.5 8-8 0-1.9-.7-3.7-1.9-5.2L553.5 515l130.1-155c1.2-1.4 1.8-3.3 1.8-5.2z"
                        key="svg-close-circle-svg-0"
                      />
                      <path
                        d="M512 65C264.6 65 64 265.6 64 513s200.6 448 448 448 448-200.6 448-448S759.4 65 512 65zm0 820c-205.4 0-372-166.6-372-372s166.6-372 372-372 372 166.6 372 372-166.6 372-372 372z"
                        key="svg-close-circle-svg-1"
                      />
                    </svg>
                  </IconReact>
                </i>
              </LocaleReceiver>
            </Icon>
          </span>
        </span>
      </Input>
    </div>
    <ul
      className="list-subjects"
    >
      <li
        key="item_list_0)"
      >
        <div>
          <a
            href="#list_0"
            onClick={[Function]}
          >
            Luke Skywalker
          </a>
        </div>
      </li>
      <li
        key="item_list_1)"
      >
        <div>
          <a
            href="#list_1"
            onClick={[Function]}
          >
            C-3PO
          </a>
        </div>
      </li>
    </ul>
    <div
      className="pagination-block"
      style={
        Object {
          "display": "block",
        }
      }
    >
      <Button
        block={true}
        ghost={false}
        icon="down"
        loading={false}
        onClick={[MockFunction]}
        size="large"
        title="Show More"
        type="primary"
      >
        <Wave>
          <button
            className="ant-btn ant-btn-primary ant-btn-lg ant-btn-icon-only ant-btn-block"
            onClick={[Function]}
            title="Show More"
            type="button"
          >
            <Icon
              type="down"
            >
              <LocaleReceiver
                componentName="Icon"
              >
                <i
                  aria-label="icon: down"
                  className="anticon anticon-down"
                >
                  <IconReact
                    className=""
                    type="down-o"
                  >
                    <svg
                      aria-hidden="true"
                      className=""
                      data-icon="down"
                      fill="currentColor"
                      height="1em"
                      key="svg-down"
                      viewBox="64 64 896 896"
                      width="1em"
                    >
                      <path
                        d="M884 256h-75c-5.1 0-9.9 2.5-12.9 6.6L512 654.2 227.9 262.6c-3-4.1-7.8-6.6-12.9-6.6h-75c-6.5 0-10.3 7.4-6.5 12.7l352.6 486.1c12.8 17.6 39 17.6 51.7 0l352.6-486.1c3.9-5.3.1-12.7-6.4-12.7z"
                        key="svg-down-svg-0"
                      />
                    </svg>
                  </IconReact>
                </i>
              </LocaleReceiver>
            </Icon>
          </button>
        </Wave>
      </Button>
    </div>
  </div>
</SubjectsList>
`;
